#-----------------------------------------------------------
# Vivado v2024.2 (64-bit)
# SW Build 5239630 on Fri Nov 08 22:35:27 MST 2024
# IP Build 5239520 on Sun Nov 10 16:12:51 MST 2024
# SharedData Build 5239561 on Fri Nov 08 14:39:27 MST 2024
# Start of session at: Sat Jun 21 14:37:06 2025
# Process ID         : 24336
# Current directory  : C:/Users/yaren/Documents/GitHub/BLM7011-PROJECTS/PROJECT_1/avionchip_cpu/avionchip_cpu/avionchip_cpu.runs/synth_1
# Command line       : vivado.exe -log top.vds -product Vivado -mode batch -messageDb vivado.pb -notrace -source top.tcl
# Log file           : C:/Users/yaren/Documents/GitHub/BLM7011-PROJECTS/PROJECT_1/avionchip_cpu/avionchip_cpu/avionchip_cpu.runs/synth_1/top.vds
# Journal file       : C:/Users/yaren/Documents/GitHub/BLM7011-PROJECTS/PROJECT_1/avionchip_cpu/avionchip_cpu/avionchip_cpu.runs/synth_1\vivado.jou
# Running On         : yaren
# Platform           : Windows Server 2016 or Windows 10
# Operating System   : 26100
# Processor Detail   : Intel(R) Core(TM) i7-8750H CPU @ 2.20GHz
# CPU Frequency      : 2208 MHz
# CPU Physical cores : 6
# CPU Logical cores  : 12
# Host memory        : 8455 MB
# Swap memory        : 20401 MB
# Total Virtual      : 28856 MB
# Available Virtual  : 12313 MB
#-----------------------------------------------------------
source top.tcl -notrace
